src/components/AppSidebar.tsx(108,41): error TS2304: Cannot find name 'completedSteps'.
src/features/admin/ClientFilesPanel.tsx(139,13): error TS2451: Cannot redeclare block-scoped variable 'isViewingClient'.
src/features/admin/ClientFilesPanel.tsx(139,30): error TS2451: Cannot redeclare block-scoped variable 'viewingClient'.
src/features/admin/ClientFilesPanel.tsx(208,13): error TS2451: Cannot redeclare block-scoped variable 'isViewingClient'.
src/features/admin/ClientFilesPanel.tsx(208,30): error TS2451: Cannot redeclare block-scoped variable 'viewingClient'.
src/features/projects/ProjectView.tsx(272,99): error TS2339: Property 'updatedAt' does not exist on type 'Project'.
src/features/projects/ProjectView.tsx(272,124): error TS2339: Property 'updatedAt' does not exist on type 'Project'.
